  ▲ Next.js 14.2.35
  - Local:        http://localhost:3001
  - Environments: .env.local

 ✓ Starting...
 ✓ Ready in 3.1s
 ○ Compiling / ...
 ✓ Compiled / in 788ms (1292 modules)
 GET / 200 in 954ms
 GET / 200 in 70ms
 GET / 200 in 36ms
 ✓ Compiled /api/demo/upload in 223ms (678 modules)
 POST /api/demo/upload 200 in 8862ms
 ✓ Compiled /api/demo/ask in 85ms (680 modules)
 POST /api/demo/ask 200 in 13037ms
 GET / 200 in 226ms
 GET / 200 in 326ms
 POST /api/demo/upload 500 in 3255ms
 GET / 200 in 98ms
 POST /api/demo/upload 500 in 2928ms
 GET / 200 in 89ms
 POST /api/demo/upload 500 in 2582ms
 GET / 200 in 91ms
 GET / 200 in 122ms
 POST /api/demo/upload 200 in 2147ms
 POST /api/demo/ask 200 in 5332ms
