
> rag-pipeline-website@2.0.0 dev
> next dev

   [1m[38;2;173;127;168m▲ Next.js 15.5.23[39m[22m
   - Local:        http://localhost:3000
   - Network:      http://192.168.1.3:3000

 [32m[1m✓[22m[39m Starting...
 [32m[1m✓[22m[39m Ready in 3.1s
 [37m[1m○[22m[39m Compiling / ...
 [32m[1m✓[22m[39m Compiled / in 3s (2530 modules)
 GET / [32m200[39m in 3518ms
 [32m[1m✓[22m[39m Compiled in 668ms (1219 modules)
 [37m[1m○[22m[39m Compiling /auth/login ...
 [32m[1m✓[22m[39m Compiled /auth/login in 561ms (2535 modules)
 [31m[1m⨯[22m[39m [Error: The default export is not a React Component in "/auth/login/page"]
 [31m[1m⨯[22m[39m [Error: The default export is not a React Component in "/auth/login/page"] {
  page: [32m'/auth/login'[39m
}
 [37m[1m○[22m[39m Compiling /_error ...
 [32m[1m✓[22m[39m Compiled /_error in 1043ms (2882 modules)
 GET /auth/login [31m500[39m in 2328ms
 [32m[1m✓[22m[39m Compiled in 1414ms (2896 modules)
 [32m[1m✓[22m[39m Compiled in 408ms (1380 modules)
 GET /auth/login [32m200[39m in 397ms
 [37m[1m○[22m[39m Compiling /dashboard ...
 [32m[1m✓[22m[39m Compiled /dashboard in 1638ms (2173 modules)
 GET /dashboard [32m200[39m in 2293ms
 [37m[1m○[22m[39m Compiling / ...
 [32m[1m✓[22m[39m Compiled / in 645ms (1410 modules)
 GET / [32m200[39m in 1388ms
 [32m[1m✓[22m[39m Compiled /dashboard in 184ms (1429 modules)
 GET /dashboard [32m200[39m in 361ms
 [32m[1m✓[22m[39m Compiled /auth/login in 159ms (1440 modules)
 GET /auth/login [32m200[39m in 299ms
 [37m[1m○[22m[39m Compiling /auth/register ...
 [32m[1m✓[22m[39m Compiled /auth/register in 1549ms (2829 modules)
 GET /auth/register [32m200[39m in 1694ms
 GET /auth/login [32m200[39m in 427ms
 GET / [32m200[39m in 2056ms
 [37m[1m○[22m[39m Compiling /api/auth/me ...
 [32m[1m✓[22m[39m Compiled /api/auth/me in 5s (2812 modules)
 GET /api/auth/me [33m401[39m in 5532ms
 GET / [32m200[39m in 770ms
 GET / [32m200[39m in 118ms
 GET /api/auth/me [33m401[39m in 21ms
[?25h
